Menu Principal
1 - Abrir
2 - Guardar
3 - Mostrar Data
4 - Avançar Data
5 - Gestão de Produtos
6 - Gestão de Parceiros
7 - Gestão de Transacções
8 - Menu de Consultas
9 - Ver Saldo Global
0 - Sair
Escolha uma opção: Gestão de Produtos
1 - Visualizar todos os produtos
2 - Visualizar todos os lotes
3 - Visualizar lotes fornecidos por parceiro
4 - Visualizar lotes de um dado produto
0 - Sair
Escolha uma opção: Identificador do parceiro: Gestão de Produtos
1 - Visualizar todos os produtos
2 - Visualizar todos os lotes
3 - Visualizar lotes fornecidos por parceiro
4 - Visualizar lotes de um dado produto
0 - Sair
Escolha uma opção: Menu Principal
1 - Abrir
2 - Guardar
3 - Mostrar Data
4 - Avançar Data
5 - Gestão de Produtos
6 - Gestão de Parceiros
7 - Gestão de Transacções
8 - Menu de Consultas
9 - Ver Saldo Global
0 - Sair
Escolha uma opção: 