Menu Principal
1 - Abrir
2 - Guardar
3 - Mostrar Data
4 - Avançar Data
5 - Gestão de Produtos
6 - Gestão de Parceiros
7 - Gestão de Transacções
8 - Menu de Consultas
9 - Ver Saldo Global
0 - Sair
Escolha uma opção: Gestão de Transacções
1 - Visualizar
2 - Registar desagregação
3 - Registar venda
4 - Registar compra
5 - Receber pagamento de venda
0 - Sair
Escolha uma opção: Identificador do parceiro: Data limite de pagamento: Identificador do produto: Quantidade: Registar venda: Operação inválida: O parceiro 'W1' não existe.
Gestão de Transacções
1 - Visualizar
2 - Registar desagregação
3 - Registar venda
4 - Registar compra
5 - Receber pagamento de venda
0 - Sair
Escolha uma opção: Identificador do parceiro: Data limite de pagamento: Identificador do produto: Quantidade: Registar venda: Operação inválida: O produto 'pal' não existe.
Gestão de Transacções
1 - Visualizar
2 - Registar desagregação
3 - Registar venda
4 - Registar compra
5 - Receber pagamento de venda
0 - Sair
Escolha uma opção: Menu Principal
1 - Abrir
2 - Guardar
3 - Mostrar Data
4 - Avançar Data
5 - Gestão de Produtos
6 - Gestão de Parceiros
7 - Gestão de Transacções
8 - Menu de Consultas
9 - Ver Saldo Global
0 - Sair
Escolha uma opção: 