Menu Principal
1 - Abrir
2 - Guardar
3 - Mostrar Data
4 - Avançar Data
5 - Gestão de Produtos
6 - Gestão de Parceiros
7 - Gestão de Transacções
8 - Menu de Consultas
9 - Ver Saldo Global
0 - Sair
Escolha uma opção: Gestão de Transacções
1 - Visualizar
2 - Registar desagregação
3 - Registar venda
4 - Registar compra
5 - Receber pagamento de venda
0 - Sair
Escolha uma opção: Identificador do parceiro: Data limite de pagamento: Identificador do produto: Quantidade: Gestão de Transacções
1 - Visualizar
2 - Registar desagregação
3 - Registar venda
4 - Registar compra
5 - Receber pagamento de venda
0 - Sair
Escolha uma opção: Identificador do parceiro: Data limite de pagamento: Identificador do produto: Quantidade: Gestão de Transacções
1 - Visualizar
2 - Registar desagregação
3 - Registar venda
4 - Registar compra
5 - Receber pagamento de venda
0 - Sair
Escolha uma opção: Menu Principal
1 - Abrir
2 - Guardar
3 - Mostrar Data
4 - Avançar Data
5 - Gestão de Produtos
6 - Gestão de Parceiros
7 - Gestão de Transacções
8 - Menu de Consultas
9 - Ver Saldo Global
0 - Sair
Escolha uma opção: Número de dias a avançar: Menu Principal
1 - Abrir
2 - Guardar
3 - Mostrar Data
4 - Avançar Data
5 - Gestão de Produtos
6 - Gestão de Parceiros
7 - Gestão de Transacções
8 - Menu de Consultas
9 - Ver Saldo Global
0 - Sair
Escolha uma opção: Gestão de Produtos
1 - Visualizar todos os produtos
2 - Visualizar todos os lotes
3 - Visualizar lotes fornecidos por parceiro
4 - Visualizar lotes de um dado produto
0 - Sair
Escolha uma opção: Menu Principal
1 - Abrir
2 - Guardar
3 - Mostrar Data
4 - Avançar Data
5 - Gestão de Produtos
6 - Gestão de Parceiros
7 - Gestão de Transacções
8 - Menu de Consultas
9 - Ver Saldo Global
0 - Sair
Escolha uma opção: Gestão de Transacções
1 - Visualizar
2 - Registar desagregação
3 - Registar venda
4 - Registar compra
5 - Receber pagamento de venda
0 - Sair
Escolha uma opção: Identificador da transacção: Gestão de Transacções
1 - Visualizar
2 - Registar desagregação
3 - Registar venda
4 - Registar compra
5 - Receber pagamento de venda
0 - Sair
Escolha uma opção: Identificador da transacção: Gestão de Transacções
1 - Visualizar
2 - Registar desagregação
3 - Registar venda
4 - Registar compra
5 - Receber pagamento de venda
0 - Sair
Escolha uma opção: Identificador da transacção: VENDA|0|M2|SAL|1|100|100|4|4
Gestão de Transacções
1 - Visualizar
2 - Registar desagregação
3 - Registar venda
4 - Registar compra
5 - Receber pagamento de venda
0 - Sair
Escolha uma opção: Identificador da transacção: VENDA|1|M1|SAL|1|100|90|9|4
Gestão de Transacções
1 - Visualizar
2 - Registar desagregação
3 - Registar venda
4 - Registar compra
5 - Receber pagamento de venda
0 - Sair
Escolha uma opção: Menu Principal
1 - Abrir
2 - Guardar
3 - Mostrar Data
4 - Avançar Data
5 - Gestão de Produtos
6 - Gestão de Parceiros
7 - Gestão de Transacções
8 - Menu de Consultas
9 - Ver Saldo Global
0 - Sair
Escolha uma opção: 