Pneumoultramicroscopicossilicovulcanoconioticos
neumoultramicroscopicossilicovulcanoconioticos
eumoultramicroscopicossilicovulcanoconioticos
umoultramicroscopicossilicovulcanoconioticos
moultramicroscopicossilicovulcanoconioticos
oultramicroscopicossilicovulcanoconioticos
ultramicroscopicossilicovulcanoconioticos
ltramicroscopicossilicovulcanoconioticos
tramicroscopicossilicovulcanoconioticos
ramicroscopicossilicovulcanoconioticos
amicroscopicossilicovulcanoconioticos
microscopicossilicovulcanoconioticos
icroscopicossilicovulcanoconioticos
croscopicossilicovulcanoconioticos
roscopicossilicovulcanoconioticos
oscopicossilicovulcanoconioticos
scopicossilicovulcanoconioticos
copicossilicovulcanoconioticos
opicossilicovulcanoconioticos
picossilicovulcanoconioticos
icossilicovulcanoconioticos
cossilicovulcanoconioticos
ossilicovulcanoconioticos
ssilicovulcanoconioticos
silicovulcanoconioticos
ilicovulcanoconioticos
licovulcanoconioticos
icovulcanoconioticos
covulcanoconioticos
ovulcanoconioticos
vulcanoconioticos
ulcanoconioticos
lcanoconioticos
canoconioticos
anoconioticos
noconioticos
oconioticos
conioticos
onioticos
nioticos
ioticos
oticos
ticos
icos
cos
os
s
