Menu Principal
1 - Abrir
2 - Guardar
3 - Mostrar Data
4 - Avançar Data
5 - Gestão de Produtos
6 - Gestão de Parceiros
7 - Gestão de Transacções
8 - Menu de Consultas
9 - Ver Saldo Global
0 - Sair
Escolha uma opção: Gestão de Parceiros
1 - Mostrar parceiro
2 - Mostrar parceiros
3 - Registar parceiro
4 - Activa/desactivar notificações de um produto
5 - Mostrar compras com parceiro
6 - Mostrar vendas (e desagregações) com parceiro
0 - Sair
Escolha uma opção: Identificador do parceiro: Mostrar parceiro: Operação inválida: O parceiro 'wwww' não existe.
Gestão de Parceiros
1 - Mostrar parceiro
2 - Mostrar parceiros
3 - Registar parceiro
4 - Activa/desactivar notificações de um produto
5 - Mostrar compras com parceiro
6 - Mostrar vendas (e desagregações) com parceiro
0 - Sair
Escolha uma opção: Identificador do parceiro: Mostrar parceiro: Operação inválida: O parceiro 'M1m' não existe.
Gestão de Parceiros
1 - Mostrar parceiro
2 - Mostrar parceiros
3 - Registar parceiro
4 - Activa/desactivar notificações de um produto
5 - Mostrar compras com parceiro
6 - Mostrar vendas (e desagregações) com parceiro
0 - Sair
Escolha uma opção: Menu Principal
1 - Abrir
2 - Guardar
3 - Mostrar Data
4 - Avançar Data
5 - Gestão de Produtos
6 - Gestão de Parceiros
7 - Gestão de Transacções
8 - Menu de Consultas
9 - Ver Saldo Global
0 - Sair
Escolha uma opção: 