Menu Principal
1 - Abrir
2 - Guardar
3 - Mostrar Data
4 - Avançar Data
5 - Gestão de Produtos
6 - Gestão de Parceiros
7 - Gestão de Transacções
8 - Menu de Consultas
9 - Ver Saldo Global
0 - Sair
Escolha uma opção: Consultas
1 - Produtos com Preço Abaixo de Limite
2 - Facturas pagas por parceiro
0 - Sair
Escolha uma opção: Identificador do parceiro: Facturas pagas por parceiro: Operação inválida: O parceiro 'nãoexiste' não existe.
Consultas
1 - Produtos com Preço Abaixo de Limite
2 - Facturas pagas por parceiro
0 - Sair
Escolha uma opção: Identificador do parceiro: Consultas
1 - Produtos com Preço Abaixo de Limite
2 - Facturas pagas por parceiro
0 - Sair
Escolha uma opção: Menu Principal
1 - Abrir
2 - Guardar
3 - Mostrar Data
4 - Avançar Data
5 - Gestão de Produtos
6 - Gestão de Parceiros
7 - Gestão de Transacções
8 - Menu de Consultas
9 - Ver Saldo Global
0 - Sair
Escolha uma opção: 