? 144 é divisível por 2
144 é divisível por 3
144 é divisível por 4
144 é divisível por 6
144 é divisível por 8
144 é divisível por 9
144 é divisível por 12
144 é divisível por 16
144 é divisível por 18
144 é divisível por 24
144 é divisível por 36
144 é divisível por 48
144 é divisível por 72
