? 12 é divisível por 2
12 é divisível por 3
12 é divisível por 4
12 é divisível por 6
