Menu Principal
1 - Abrir
2 - Guardar
3 - Mostrar Data
4 - Avançar Data
5 - Gestão de Produtos
6 - Gestão de Parceiros
7 - Gestão de Transacções
8 - Menu de Consultas
9 - Ver Saldo Global
0 - Sair
Escolha uma opção: Gestão de Transacções
1 - Visualizar
2 - Registar desagregação
3 - Registar venda
4 - Registar compra
5 - Receber pagamento de venda
0 - Sair
Escolha uma opção: Identificador do parceiro: Data limite de pagamento: Identificador do produto: Quantidade: Gestão de Transacções
1 - Visualizar
2 - Registar desagregação
3 - Registar venda
4 - Registar compra
5 - Receber pagamento de venda
0 - Sair
Escolha uma opção: Identificador do parceiro: Data limite de pagamento: Identificador do produto: Quantidade: Registar venda: Operação inválida: Produto 'VIDRO': pedido=21, existências=20
Gestão de Transacções
1 - Visualizar
2 - Registar desagregação
3 - Registar venda
4 - Registar compra
5 - Receber pagamento de venda
0 - Sair
Escolha uma opção: Identificador do parceiro: Data limite de pagamento: Identificador do produto: Quantidade: Gestão de Transacções
1 - Visualizar
2 - Registar desagregação
3 - Registar venda
4 - Registar compra
5 - Receber pagamento de venda
0 - Sair
Escolha uma opção: Menu Principal
1 - Abrir
2 - Guardar
3 - Mostrar Data
4 - Avançar Data
5 - Gestão de Produtos
6 - Gestão de Parceiros
7 - Gestão de Transacções
8 - Menu de Consultas
9 - Ver Saldo Global
0 - Sair
Escolha uma opção: Gestão de Produtos
1 - Visualizar todos os produtos
2 - Visualizar todos os lotes
3 - Visualizar lotes fornecidos por parceiro
4 - Visualizar lotes de um dado produto
0 - Sair
Escolha uma opção: Identificador do produto: Gestão de Produtos
1 - Visualizar todos os produtos
2 - Visualizar todos os lotes
3 - Visualizar lotes fornecidos por parceiro
4 - Visualizar lotes de um dado produto
0 - Sair
Escolha uma opção: GARRAFA|10|500|ROLHA:1#VIDRO:2
ROLHA|2|50
SAL|100|500
VIDRO|1|0
Gestão de Produtos
1 - Visualizar todos os produtos
2 - Visualizar todos os lotes
3 - Visualizar lotes fornecidos por parceiro
4 - Visualizar lotes de um dado produto
0 - Sair
Escolha uma opção: Menu Principal
1 - Abrir
2 - Guardar
3 - Mostrar Data
4 - Avançar Data
5 - Gestão de Produtos
6 - Gestão de Parceiros
7 - Gestão de Transacções
8 - Menu de Consultas
9 - Ver Saldo Global
0 - Sair
Escolha uma opção: Gestão de Parceiros
1 - Mostrar parceiro
2 - Mostrar parceiros
3 - Registar parceiro
4 - Activa/desactivar notificações de um produto
5 - Mostrar compras com parceiro
6 - Mostrar vendas (e desagregações) com parceiro
0 - Sair
Escolha uma opção: Identificador do parceiro: VENDA|0|M1|VIDRO|30|30|30|2
VENDA|1|M1|VIDRO|20|20|20|2
Gestão de Parceiros
1 - Mostrar parceiro
2 - Mostrar parceiros
3 - Registar parceiro
4 - Activa/desactivar notificações de um produto
5 - Mostrar compras com parceiro
6 - Mostrar vendas (e desagregações) com parceiro
0 - Sair
Escolha uma opção: Menu Principal
1 - Abrir
2 - Guardar
3 - Mostrar Data
4 - Avançar Data
5 - Gestão de Produtos
6 - Gestão de Parceiros
7 - Gestão de Transacções
8 - Menu de Consultas
9 - Ver Saldo Global
0 - Sair
Escolha uma opção: 