task 1
task 2
task 3
task 4
task 5
task 6
task 7
task 8
task 9
task 10
task 11
task 12
task 13
task 14
task 15
task 16
task 17
task 18
task 19
task 20
task 21
task 22
task 23
task 24
task 25
task 26
task 27
task 28
task 29
task 30
task 31
task 32
task 33
task 34
task 35
task 36
task 37
task 38
task 39
task 40
task 41
task 42
task 43
task 44
task 45
task 46
task 47
task 48
task 49
task 50
task 51
task 52
task 53
task 54
task 55
task 56
task 57
task 58
task 59
task 60
task 61
task 62
task 63
task 64
task 65
task 66
task 67
task 68
task 69
task 70
task 71
task 72
task 73
task 74
task 75
task 76
task 77
task 78
task 79
task 80
task 81
task 82
task 83
task 84
task 85
task 86
task 87
task 88
task 89
task 90
task 91
task 92
task 93
task 94
task 95
task 96
task 97
task 98
task 99
task 100
task 101
task 102
task 103
task 104
task 105
task 106
task 107
task 108
task 109
task 110
task 111
task 112
task 113
task 114
task 115
task 116
task 117
task 118
task 119
task 120
1
2
3
4
5
6
7
8
9
10
11
12
13
14
15
16
17
18
19
20
21
22
23
24
25
26
27
28
29
30
31
32
33
34
35
36
37
38
39
40
41
42
43
44
45
46
47
48
49
50
51
52
53
54
55
56
57
58
59
60
61
62
63
64
65
66
67
68
69
70
71
72
73
74
75
76
77
78
79
80
81
82
83
84
85
86
87
88
89
90
91
92
93
94
95
96
97
98
99
100
101
102
103
104
105
106
107
108
109
110
111
112
113
114
115
116
117
118
119
120
44 IN PROGRESS #24 1Fh_p0euIQI6TtuHSi5p
112 IN PROGRESS #29 1fqKl8MxcvKb2h1tT3Is
6 IN PROGRESS #12 1zl21WgBTkVGUTEc2728
12 IN PROGRESS #33 20JbI7YG2grB2sprRXCc
8 IN PROGRESS #25 3cUcZq57UzrJkXwBalcn
18 IN PROGRESS #45 50u9Ybp4q5o68AcOUpEt
56 IN PROGRESS #45 51ebNQXz44suGjmJbyvY
89 IN PROGRESS #47 5henycn86mijdOjeD_4D
39 IN PROGRESS #30 616idCq70JPUYIIb2KOc
51 IN PROGRESS #5 6c7m5yy38rS3KSDUnC3M
23 IN PROGRESS #50 7hC_YYjpvhDaKBUhjzAK
83 IN PROGRESS #29 7mX0LMn1F1aYI0xeBEAm
31 IN PROGRESS #6 7nEGxfnVZvtctlblXvvt
119 IN PROGRESS #45 8GqUwpIPREGSgvufa5Vk
99 IN PROGRESS #2 8UbUHh36pK_LvYl61QZu
115 IN PROGRESS #2 8VYK866ezu9HpTsE1hzL
7 IN PROGRESS #7 9QKd5JGpY0IxNhtcolAf
77 IN PROGRESS #17 BMMIoB1WXwsfDmB9950W
69 IN PROGRESS #3 BbfPNjGJfR5v6B0C6Qig
11 IN PROGRESS #9 CJZFjZSQVqfFhyf6ScU4
85 IN PROGRESS #21 CcAhCyRbZ1e1ufWm8ghE
92 IN PROGRESS #22 DS0jHIn1Z_OpEuQvLvlo
67 IN PROGRESS #45 DwWtPcXXI6Ju4eTySxog
95 IN PROGRESS #8 FGGN1LZYzCK4hN5p8WDU
48 IN PROGRESS #14 GFiVVMJ64bYWAddvZQDm
114 IN PROGRESS #45 GgpQHlmofzG0snvTPNGs
116 IN PROGRESS #41 GiuLnJUNd97VieAD6_d_
28 IN PROGRESS #42 GyRpfzJs1hJ8nqExWQB0
113 IN PROGRESS #21 HhsdHu85s0fk6bmgdZhr
84 IN PROGRESS #10 HobzEF5Ujmnf26jg7hqB
35 IN PROGRESS #9 Hs3lvmfWAYIEUt6vVHUI
54 IN PROGRESS #23 Hx8XX9osSDgAIPcGSjAe
10 IN PROGRESS #13 IB5QVlA1AUKWX4Zkq4BV
97 IN PROGRESS #39 JXHaCkeM5Y1oi3w7gwFv
120 IN PROGRESS #6 KpNkiPXGQ52mPinXjily
87 IN PROGRESS #47 LMt5fHowH1RC1OEgiQW5
40 IN PROGRESS #37 LOPDNzMWTTc07NASsx5H
52 IN PROGRESS #39 LXPv4x23u8Db0o5F9cf1
19 IN PROGRESS #6 M1REpWMr8oMTjLO1O3a5
118 IN PROGRESS #22 MdUOvKNz1kywo08jRNBU
59 IN PROGRESS #39 Mknuot4c4cmjbrFetDw1
29 IN PROGRESS #45 NjFZMfVtuY54tE6ue0T4
82 IN PROGRESS #44 OsC1nzvBNREZ4SXs5qDZ
94 IN PROGRESS #23 PpRG48XNkx8MVbS1t_Pi
13 IN PROGRESS #5 R5QZNT6v8Mk1qGaSe9e6
104 IN PROGRESS #43 R8FRWhxuLPWIqNCjI53C
41 IN PROGRESS #10 RhuU0lrqH0iRGhf3xlil
93 IN PROGRESS #11 RnuxFMGRoxbDqgDmjEzs
68 IN PROGRESS #2 Rvoo6WAlkYMuxpa9MQxr
42 IN PROGRESS #36 SAKp3I5lIP_Sckhp8UhP
21 IN PROGRESS #14 SIrXA67_bV5xOwYivaNc
108 IN PROGRESS #12 SLoRjKmtgDicooxzzAXx
71 IN PROGRESS #24 S_92ZDPbdFzuE9f_MdwB
58 IN PROGRESS #11 TF3spmwiWJmp5JGa62lV
88 IN PROGRESS #36 UIGaYSbtPKEsD2zgLV19
25 IN PROGRESS #12 UZh3Z5mp0pXIUvZ7ogQj
16 IN PROGRESS #7 VVuqbGZDvryjch_m1zVN
47 IN PROGRESS #4 X0rmZ0cmWmQ5Cxb7_qEL
73 IN PROGRESS #13 XtKxbwy7eNIUudb6jpSh
72 IN PROGRESS #40 YPRE6YaT8WKXLy1oYZwh
109 IN PROGRESS #21 YTVugSDGsfCpQnZb7x4w
27 IN PROGRESS #50 YcUeSSEf3CLdtUD83wd5
64 IN PROGRESS #23 Yi84Oxd4XqQP9zG_nAhU
50 IN PROGRESS #41 Z5VL7gCNNCbwWGzvbCc1
49 IN PROGRESS #50 ZhNo6q8Wz97Z8Swp_nWU
75 IN PROGRESS #47 Zob2SBp6BYRfErdEGlXr
70 IN PROGRESS #18 _pHFVB8fRTCZ32SYBSbD
2 IN PROGRESS #8 afWnfy2MagwdKx3F73Az
110 IN PROGRESS #35 ah3tZx5ne2lW1v79tTWb
63 IN PROGRESS #35 appl9wVOM4lqSLbFJaCs
34 IN PROGRESS #16 b8Nx8ufMofGexzRa7m2A
15 IN PROGRESS #50 bo12epdonYRIqBqmv_eQ
53 IN PROGRESS #12 cOlg3s9ve_rQJAz8nons
60 IN PROGRESS #32 ctdGr8_oMD7ru32KpzPf
37 IN PROGRESS #43 dSLyCsgSbxBTl4xgDaN9
78 IN PROGRESS #26 eM1ZybVSKmtCQl1XzHzS
45 IN PROGRESS #13 efm_1paV69a568_Fa0EV
61 IN PROGRESS #6 f5Au1FjOHVzeL8onEWkA
106 IN PROGRESS #39 f99s6PE15vvnR3dzmp_7
90 IN PROGRESS #43 frC1USHsLRtqcu421twJ
1 IN PROGRESS #34 hRa4UBs79tQ6jD4kHdNJ
14 IN PROGRESS #20 hya5RPZQch1VSLqZ9rb0
76 IN PROGRESS #11 jnR1PbJmTiV0tRACjkSj
86 IN PROGRESS #9 kGYP6jTzx7lh8tgQPdsM
105 IN PROGRESS #42 kQjd1GNaJEteRsY2OyZG
96 IN PROGRESS #34 lYKCrwmXxhllFSO_2w91
101 IN PROGRESS #47 mHV0VHnrKc3W3LyK9EGQ
79 IN PROGRESS #32 mKU3AEux30B3DlY93rVM
66 IN PROGRESS #24 mTZmDmgIaNqtbrYLfep8
102 IN PROGRESS #25 mk5_VRsEalUp2Crmkbhj
30 IN PROGRESS #28 mxgkJAUQTzDVIP87jK71
4 IN PROGRESS #34 nJNhc2bR49gTLnlXGRU4
9 IN PROGRESS #24 nX5C2dNFYEkypU5JKljT
65 IN PROGRESS #6 nfWfcvLW7J66Jr_zN3BU
100 IN PROGRESS #23 niNDzDzi9lIfTMZgB_NJ
55 IN PROGRESS #8 nrKF6EAGnEtCkodiR_y8
22 IN PROGRESS #9 qNdUdwT1ja6A7xjHCqtH
17 IN PROGRESS #43 r_84l3_5dx6EYDCVrDq1
103 IN PROGRESS #42 r_E2vPulNFW9NJ_Skp9p
33 IN PROGRESS #17 rhXDt5LMmR0CgwxIsEEv
111 IN PROGRESS #34 spwNja7fay0cMwQn0Gic
38 IN PROGRESS #1 tKHg6A0ffxSGgR1RZQsb
62 IN PROGRESS #6 uTUhiATakgim9zHqEFCX
26 IN PROGRESS #37 uXpgqXPXHExRAktXNKcV
5 IN PROGRESS #31 vAFckQNnK8t5mD_YZxfw
20 IN PROGRESS #28 wWBlH_OvxikW7HTZVdk7
43 IN PROGRESS #11 wZtjQnb0a33zk0I_3tEr
57 IN PROGRESS #9 w_Xxf_RRFgsEtGdPF7Rb
107 IN PROGRESS #35 waTlEo01m98vY4_aZBxY
46 IN PROGRESS #33 wcwNH5vU7Vk1fpTAKPKr
3 IN PROGRESS #38 wtbIoyeNtLPgU_DN5Rhl
117 IN PROGRESS #37 xw1tRpTQY3Dx2FBKGAjM
80 IN PROGRESS #6 xziKdJqw6pN8lXXVZzvh
24 IN PROGRESS #44 y6ggZwIXLTA7P7nVS1gT
81 IN PROGRESS #29 yQXapKiHPSQi26VdsELQ
32 IN PROGRESS #3 yz3dwTf7wRmVF4vOsSbY
74 IN PROGRESS #12 z1QcvrhNsmfdO8MHn422
91 IN PROGRESS #7 zMBLF8mfkby0lrabRInl
36 IN PROGRESS #42 zhkgr_96otiDEoJYbffJ
98 IN PROGRESS #43 zwJ09QmEdxx1cCoraYJn
1 1 hRa4UBs79tQ6jD4kHdNJ
2 2 afWnfy2MagwdKx3F73Az
3 3 wtbIoyeNtLPgU_DN5Rhl
4 4 nJNhc2bR49gTLnlXGRU4
5 5 vAFckQNnK8t5mD_YZxfw
6 6 1zl21WgBTkVGUTEc2728
7 7 9QKd5JGpY0IxNhtcolAf
8 8 3cUcZq57UzrJkXwBalcn
9 9 nX5C2dNFYEkypU5JKljT
10 10 IB5QVlA1AUKWX4Zkq4BV
11 11 CJZFjZSQVqfFhyf6ScU4
12 12 20JbI7YG2grB2sprRXCc
13 13 R5QZNT6v8Mk1qGaSe9e6
14 14 hya5RPZQch1VSLqZ9rb0
15 15 bo12epdonYRIqBqmv_eQ
16 16 VVuqbGZDvryjch_m1zVN
17 17 r_84l3_5dx6EYDCVrDq1
18 18 50u9Ybp4q5o68AcOUpEt
19 19 M1REpWMr8oMTjLO1O3a5
20 20 wWBlH_OvxikW7HTZVdk7
21 21 SIrXA67_bV5xOwYivaNc
22 22 qNdUdwT1ja6A7xjHCqtH
23 23 7hC_YYjpvhDaKBUhjzAK
24 24 y6ggZwIXLTA7P7nVS1gT
25 25 UZh3Z5mp0pXIUvZ7ogQj
26 26 uXpgqXPXHExRAktXNKcV
27 27 YcUeSSEf3CLdtUD83wd5
28 28 GyRpfzJs1hJ8nqExWQB0
29 29 NjFZMfVtuY54tE6ue0T4
30 30 mxgkJAUQTzDVIP87jK71
31 31 7nEGxfnVZvtctlblXvvt
32 32 yz3dwTf7wRmVF4vOsSbY
33 33 rhXDt5LMmR0CgwxIsEEv
34 34 b8Nx8ufMofGexzRa7m2A
35 35 Hs3lvmfWAYIEUt6vVHUI
36 36 zhkgr_96otiDEoJYbffJ
37 37 dSLyCsgSbxBTl4xgDaN9
38 38 tKHg6A0ffxSGgR1RZQsb
39 39 616idCq70JPUYIIb2KOc
40 40 LOPDNzMWTTc07NASsx5H
41 41 RhuU0lrqH0iRGhf3xlil
42 42 SAKp3I5lIP_Sckhp8UhP
43 43 wZtjQnb0a33zk0I_3tEr
44 44 1Fh_p0euIQI6TtuHSi5p
45 45 efm_1paV69a568_Fa0EV
46 46 wcwNH5vU7Vk1fpTAKPKr
47 47 X0rmZ0cmWmQ5Cxb7_qEL
48 48 GFiVVMJ64bYWAddvZQDm
49 49 ZhNo6q8Wz97Z8Swp_nWU
50 50 Z5VL7gCNNCbwWGzvbCc1
51 51 6c7m5yy38rS3KSDUnC3M
52 52 LXPv4x23u8Db0o5F9cf1
53 53 cOlg3s9ve_rQJAz8nons
54 54 Hx8XX9osSDgAIPcGSjAe
55 55 nrKF6EAGnEtCkodiR_y8
56 56 51ebNQXz44suGjmJbyvY
57 57 w_Xxf_RRFgsEtGdPF7Rb
58 58 TF3spmwiWJmp5JGa62lV
59 59 Mknuot4c4cmjbrFetDw1
60 60 ctdGr8_oMD7ru32KpzPf
61 61 f5Au1FjOHVzeL8onEWkA
62 62 uTUhiATakgim9zHqEFCX
63 63 appl9wVOM4lqSLbFJaCs
64 64 Yi84Oxd4XqQP9zG_nAhU
65 65 nfWfcvLW7J66Jr_zN3BU
66 66 mTZmDmgIaNqtbrYLfep8
67 67 DwWtPcXXI6Ju4eTySxog
68 68 Rvoo6WAlkYMuxpa9MQxr
69 69 BbfPNjGJfR5v6B0C6Qig
70 70 _pHFVB8fRTCZ32SYBSbD
71 71 S_92ZDPbdFzuE9f_MdwB
72 72 YPRE6YaT8WKXLy1oYZwh
73 73 XtKxbwy7eNIUudb6jpSh
74 74 z1QcvrhNsmfdO8MHn422
75 75 Zob2SBp6BYRfErdEGlXr
76 76 jnR1PbJmTiV0tRACjkSj
77 77 BMMIoB1WXwsfDmB9950W
78 78 eM1ZybVSKmtCQl1XzHzS
79 79 mKU3AEux30B3DlY93rVM
80 80 xziKdJqw6pN8lXXVZzvh
81 81 yQXapKiHPSQi26VdsELQ
82 82 OsC1nzvBNREZ4SXs5qDZ
83 83 7mX0LMn1F1aYI0xeBEAm
84 84 HobzEF5Ujmnf26jg7hqB
85 85 CcAhCyRbZ1e1ufWm8ghE
86 86 kGYP6jTzx7lh8tgQPdsM
87 87 LMt5fHowH1RC1OEgiQW5
88 88 UIGaYSbtPKEsD2zgLV19
89 89 5henycn86mijdOjeD_4D
90 90 frC1USHsLRtqcu421twJ
91 91 zMBLF8mfkby0lrabRInl
92 92 DS0jHIn1Z_OpEuQvLvlo
93 93 RnuxFMGRoxbDqgDmjEzs
94 94 PpRG48XNkx8MVbS1t_Pi
95 95 FGGN1LZYzCK4hN5p8WDU
96 96 lYKCrwmXxhllFSO_2w91
97 97 JXHaCkeM5Y1oi3w7gwFv
98 98 zwJ09QmEdxx1cCoraYJn
99 99 8UbUHh36pK_LvYl61QZu
100 100 niNDzDzi9lIfTMZgB_NJ
101 101 mHV0VHnrKc3W3LyK9EGQ
102 102 mk5_VRsEalUp2Crmkbhj
103 103 r_E2vPulNFW9NJ_Skp9p
104 104 R8FRWhxuLPWIqNCjI53C
105 105 kQjd1GNaJEteRsY2OyZG
106 106 f99s6PE15vvnR3dzmp_7
107 107 waTlEo01m98vY4_aZBxY
108 108 SLoRjKmtgDicooxzzAXx
109 109 YTVugSDGsfCpQnZb7x4w
110 110 ah3tZx5ne2lW1v79tTWb
111 111 spwNja7fay0cMwQn0Gic
112 112 1fqKl8MxcvKb2h1tT3Is
113 113 HhsdHu85s0fk6bmgdZhr
114 114 GgpQHlmofzG0snvTPNGs
115 115 8VYK866ezu9HpTsE1hzL
116 116 GiuLnJUNd97VieAD6_d_
117 117 xw1tRpTQY3Dx2FBKGAjM
118 118 MdUOvKNz1kywo08jRNBU
119 119 8GqUwpIPREGSgvufa5Vk
120 120 KpNkiPXGQ52mPinXjily
121
duration=120 slack=86
122
duration=120 slack=112
123
duration=120 slack=82
124
duration=120 slack=86
125
duration=120 slack=89
126
duration=120 slack=108
127
duration=120 slack=113
128
duration=120 slack=95
129
duration=120 slack=96
130
duration=120 slack=107
131
duration=120 slack=111
132
duration=120 slack=87
133
duration=120 slack=115
134
duration=120 slack=100
135
duration=120 slack=70
136
duration=120 slack=113
137
duration=120 slack=77
138
duration=120 slack=75
139
duration=120 slack=114
140
duration=120 slack=92
141
duration=120 slack=106
142
duration=120 slack=111
143
duration=120 slack=70
144
duration=120 slack=76
145
duration=120 slack=108
146
duration=120 slack=83
147
duration=120 slack=70
148
duration=120 slack=78
149
duration=120 slack=75
150
duration=120 slack=92
151
duration=120 slack=114
152
duration=120 slack=117
153
duration=120 slack=103
154
duration=120 slack=104
155
duration=120 slack=111
156
duration=120 slack=78
157
duration=120 slack=77
158
duration=120 slack=119
159
duration=120 slack=90
160
duration=120 slack=83
161
duration=120 slack=110
162
duration=120 slack=84
163
duration=120 slack=109
164
duration=120 slack=96
165
duration=120 slack=107
166
duration=120 slack=87
167
duration=120 slack=116
168
duration=120 slack=106
169
duration=120 slack=70
170
duration=120 slack=79
171
duration=120 slack=115
172
duration=120 slack=81
173
duration=120 slack=108
174
duration=120 slack=97
175
duration=120 slack=112
176
duration=120 slack=75
177
duration=120 slack=111
178
duration=120 slack=109
179
duration=120 slack=81
180
duration=120 slack=88
181
duration=120 slack=114
182
duration=120 slack=114
183
duration=120 slack=85
184
duration=120 slack=97
185
duration=120 slack=114
186
duration=120 slack=96
187
duration=120 slack=75
188
duration=120 slack=118
189
duration=120 slack=117
190
duration=120 slack=102
191
duration=120 slack=96
192
duration=120 slack=80
193
duration=120 slack=107
194
duration=120 slack=108
195
duration=120 slack=73
196
duration=120 slack=109
197
duration=120 slack=103
198
duration=120 slack=94
199
duration=120 slack=88
200
duration=120 slack=114
201
duration=120 slack=91
202
duration=120 slack=76
203
duration=120 slack=91
204
duration=120 slack=110
205
duration=120 slack=99
206
duration=120 slack=111
207
duration=120 slack=73
208
duration=120 slack=84
209
duration=120 slack=73
210
duration=120 slack=77
211
duration=120 slack=113
212
duration=120 slack=98
213
duration=120 slack=109
214
duration=120 slack=97
215
duration=120 slack=112
216
duration=120 slack=86
217
duration=120 slack=81
218
duration=120 slack=77
219
duration=120 slack=118
220
duration=120 slack=97
221
duration=120 slack=73
222
duration=120 slack=95
223
duration=120 slack=78
224
duration=120 slack=77
225
duration=120 slack=78
226
duration=120 slack=81
227
duration=120 slack=85
228
duration=120 slack=108
229
duration=120 slack=99
230
duration=120 slack=85
231
duration=120 slack=86
232
duration=120 slack=91
233
duration=120 slack=99
234
duration=120 slack=75
235
duration=120 slack=118
236
duration=120 slack=79
237
duration=120 slack=83
238
duration=120 slack=98
239
duration=120 slack=75
240
duration=120 slack=114
44 DONE #24 1Fh_p0euIQI6TtuHSi5p
112 DONE #29 1fqKl8MxcvKb2h1tT3Is
6 DONE #12 1zl21WgBTkVGUTEc2728
12 DONE #33 20JbI7YG2grB2sprRXCc
8 DONE #25 3cUcZq57UzrJkXwBalcn
18 DONE #45 50u9Ybp4q5o68AcOUpEt
56 DONE #45 51ebNQXz44suGjmJbyvY
89 DONE #47 5henycn86mijdOjeD_4D
39 DONE #30 616idCq70JPUYIIb2KOc
51 DONE #5 6c7m5yy38rS3KSDUnC3M
23 DONE #50 7hC_YYjpvhDaKBUhjzAK
83 DONE #29 7mX0LMn1F1aYI0xeBEAm
31 DONE #6 7nEGxfnVZvtctlblXvvt
119 DONE #45 8GqUwpIPREGSgvufa5Vk
99 DONE #2 8UbUHh36pK_LvYl61QZu
115 DONE #2 8VYK866ezu9HpTsE1hzL
7 DONE #7 9QKd5JGpY0IxNhtcolAf
77 DONE #17 BMMIoB1WXwsfDmB9950W
69 DONE #3 BbfPNjGJfR5v6B0C6Qig
11 DONE #9 CJZFjZSQVqfFhyf6ScU4
85 DONE #21 CcAhCyRbZ1e1ufWm8ghE
92 DONE #22 DS0jHIn1Z_OpEuQvLvlo
67 DONE #45 DwWtPcXXI6Ju4eTySxog
95 DONE #8 FGGN1LZYzCK4hN5p8WDU
48 DONE #14 GFiVVMJ64bYWAddvZQDm
114 DONE #45 GgpQHlmofzG0snvTPNGs
116 DONE #41 GiuLnJUNd97VieAD6_d_
28 DONE #42 GyRpfzJs1hJ8nqExWQB0
113 DONE #21 HhsdHu85s0fk6bmgdZhr
84 DONE #10 HobzEF5Ujmnf26jg7hqB
35 DONE #9 Hs3lvmfWAYIEUt6vVHUI
54 DONE #23 Hx8XX9osSDgAIPcGSjAe
10 DONE #13 IB5QVlA1AUKWX4Zkq4BV
97 DONE #39 JXHaCkeM5Y1oi3w7gwFv
120 DONE #6 KpNkiPXGQ52mPinXjily
87 DONE #47 LMt5fHowH1RC1OEgiQW5
40 DONE #37 LOPDNzMWTTc07NASsx5H
52 DONE #39 LXPv4x23u8Db0o5F9cf1
19 DONE #6 M1REpWMr8oMTjLO1O3a5
118 DONE #22 MdUOvKNz1kywo08jRNBU
59 DONE #39 Mknuot4c4cmjbrFetDw1
29 DONE #45 NjFZMfVtuY54tE6ue0T4
82 DONE #44 OsC1nzvBNREZ4SXs5qDZ
94 DONE #23 PpRG48XNkx8MVbS1t_Pi
13 DONE #5 R5QZNT6v8Mk1qGaSe9e6
104 DONE #43 R8FRWhxuLPWIqNCjI53C
41 DONE #10 RhuU0lrqH0iRGhf3xlil
93 DONE #11 RnuxFMGRoxbDqgDmjEzs
68 DONE #2 Rvoo6WAlkYMuxpa9MQxr
42 DONE #36 SAKp3I5lIP_Sckhp8UhP
21 DONE #14 SIrXA67_bV5xOwYivaNc
108 DONE #12 SLoRjKmtgDicooxzzAXx
71 DONE #24 S_92ZDPbdFzuE9f_MdwB
58 DONE #11 TF3spmwiWJmp5JGa62lV
88 DONE #36 UIGaYSbtPKEsD2zgLV19
25 DONE #12 UZh3Z5mp0pXIUvZ7ogQj
16 DONE #7 VVuqbGZDvryjch_m1zVN
47 DONE #4 X0rmZ0cmWmQ5Cxb7_qEL
73 DONE #13 XtKxbwy7eNIUudb6jpSh
72 DONE #40 YPRE6YaT8WKXLy1oYZwh
109 DONE #21 YTVugSDGsfCpQnZb7x4w
27 DONE #50 YcUeSSEf3CLdtUD83wd5
64 DONE #23 Yi84Oxd4XqQP9zG_nAhU
50 DONE #41 Z5VL7gCNNCbwWGzvbCc1
49 DONE #50 ZhNo6q8Wz97Z8Swp_nWU
75 DONE #47 Zob2SBp6BYRfErdEGlXr
70 DONE #18 _pHFVB8fRTCZ32SYBSbD
2 DONE #8 afWnfy2MagwdKx3F73Az
110 DONE #35 ah3tZx5ne2lW1v79tTWb
63 DONE #35 appl9wVOM4lqSLbFJaCs
34 DONE #16 b8Nx8ufMofGexzRa7m2A
15 DONE #50 bo12epdonYRIqBqmv_eQ
53 DONE #12 cOlg3s9ve_rQJAz8nons
60 DONE #32 ctdGr8_oMD7ru32KpzPf
37 DONE #43 dSLyCsgSbxBTl4xgDaN9
78 DONE #26 eM1ZybVSKmtCQl1XzHzS
45 DONE #13 efm_1paV69a568_Fa0EV
61 DONE #6 f5Au1FjOHVzeL8onEWkA
106 DONE #39 f99s6PE15vvnR3dzmp_7
90 DONE #43 frC1USHsLRtqcu421twJ
1 DONE #34 hRa4UBs79tQ6jD4kHdNJ
14 DONE #20 hya5RPZQch1VSLqZ9rb0
76 DONE #11 jnR1PbJmTiV0tRACjkSj
86 DONE #9 kGYP6jTzx7lh8tgQPdsM
105 DONE #42 kQjd1GNaJEteRsY2OyZG
96 DONE #34 lYKCrwmXxhllFSO_2w91
101 DONE #47 mHV0VHnrKc3W3LyK9EGQ
79 DONE #32 mKU3AEux30B3DlY93rVM
66 DONE #24 mTZmDmgIaNqtbrYLfep8
102 DONE #25 mk5_VRsEalUp2Crmkbhj
30 DONE #28 mxgkJAUQTzDVIP87jK71
4 DONE #34 nJNhc2bR49gTLnlXGRU4
9 DONE #24 nX5C2dNFYEkypU5JKljT
65 DONE #6 nfWfcvLW7J66Jr_zN3BU
100 DONE #23 niNDzDzi9lIfTMZgB_NJ
55 DONE #8 nrKF6EAGnEtCkodiR_y8
22 DONE #9 qNdUdwT1ja6A7xjHCqtH
17 DONE #43 r_84l3_5dx6EYDCVrDq1
103 DONE #42 r_E2vPulNFW9NJ_Skp9p
33 DONE #17 rhXDt5LMmR0CgwxIsEEv
111 DONE #34 spwNja7fay0cMwQn0Gic
38 DONE #1 tKHg6A0ffxSGgR1RZQsb
62 DONE #6 uTUhiATakgim9zHqEFCX
26 DONE #37 uXpgqXPXHExRAktXNKcV
5 DONE #31 vAFckQNnK8t5mD_YZxfw
20 DONE #28 wWBlH_OvxikW7HTZVdk7
43 DONE #11 wZtjQnb0a33zk0I_3tEr
57 DONE #9 w_Xxf_RRFgsEtGdPF7Rb
107 DONE #35 waTlEo01m98vY4_aZBxY
46 DONE #33 wcwNH5vU7Vk1fpTAKPKr
3 DONE #38 wtbIoyeNtLPgU_DN5Rhl
117 DONE #37 xw1tRpTQY3Dx2FBKGAjM
80 DONE #6 xziKdJqw6pN8lXXVZzvh
24 DONE #44 y6ggZwIXLTA7P7nVS1gT
81 DONE #29 yQXapKiHPSQi26VdsELQ
32 DONE #3 yz3dwTf7wRmVF4vOsSbY
74 DONE #12 z1QcvrhNsmfdO8MHn422
91 DONE #7 zMBLF8mfkby0lrabRInl
36 DONE #42 zhkgr_96otiDEoJYbffJ
98 DONE #43 zwJ09QmEdxx1cCoraYJn
1 1 hRa4UBs79tQ6jD4kHdNJ
2 2 afWnfy2MagwdKx3F73Az
3 3 wtbIoyeNtLPgU_DN5Rhl
4 4 nJNhc2bR49gTLnlXGRU4
5 5 vAFckQNnK8t5mD_YZxfw
6 6 1zl21WgBTkVGUTEc2728
7 7 9QKd5JGpY0IxNhtcolAf
8 8 3cUcZq57UzrJkXwBalcn
9 9 nX5C2dNFYEkypU5JKljT
10 10 IB5QVlA1AUKWX4Zkq4BV
11 11 CJZFjZSQVqfFhyf6ScU4
12 12 20JbI7YG2grB2sprRXCc
13 13 R5QZNT6v8Mk1qGaSe9e6
14 14 hya5RPZQch1VSLqZ9rb0
15 15 bo12epdonYRIqBqmv_eQ
16 16 VVuqbGZDvryjch_m1zVN
17 17 r_84l3_5dx6EYDCVrDq1
18 18 50u9Ybp4q5o68AcOUpEt
19 19 M1REpWMr8oMTjLO1O3a5
20 20 wWBlH_OvxikW7HTZVdk7
21 21 SIrXA67_bV5xOwYivaNc
22 22 qNdUdwT1ja6A7xjHCqtH
23 23 7hC_YYjpvhDaKBUhjzAK
24 24 y6ggZwIXLTA7P7nVS1gT
25 25 UZh3Z5mp0pXIUvZ7ogQj
26 26 uXpgqXPXHExRAktXNKcV
27 27 YcUeSSEf3CLdtUD83wd5
28 28 GyRpfzJs1hJ8nqExWQB0
29 29 NjFZMfVtuY54tE6ue0T4
30 30 mxgkJAUQTzDVIP87jK71
31 31 7nEGxfnVZvtctlblXvvt
32 32 yz3dwTf7wRmVF4vOsSbY
33 33 rhXDt5LMmR0CgwxIsEEv
34 34 b8Nx8ufMofGexzRa7m2A
35 35 Hs3lvmfWAYIEUt6vVHUI
36 36 zhkgr_96otiDEoJYbffJ
37 37 dSLyCsgSbxBTl4xgDaN9
38 38 tKHg6A0ffxSGgR1RZQsb
39 39 616idCq70JPUYIIb2KOc
40 40 LOPDNzMWTTc07NASsx5H
41 41 RhuU0lrqH0iRGhf3xlil
42 42 SAKp3I5lIP_Sckhp8UhP
43 43 wZtjQnb0a33zk0I_3tEr
44 44 1Fh_p0euIQI6TtuHSi5p
45 45 efm_1paV69a568_Fa0EV
46 46 wcwNH5vU7Vk1fpTAKPKr
47 47 X0rmZ0cmWmQ5Cxb7_qEL
48 48 GFiVVMJ64bYWAddvZQDm
49 49 ZhNo6q8Wz97Z8Swp_nWU
50 50 Z5VL7gCNNCbwWGzvbCc1
51 51 6c7m5yy38rS3KSDUnC3M
52 52 LXPv4x23u8Db0o5F9cf1
53 53 cOlg3s9ve_rQJAz8nons
54 54 Hx8XX9osSDgAIPcGSjAe
55 55 nrKF6EAGnEtCkodiR_y8
56 56 51ebNQXz44suGjmJbyvY
57 57 w_Xxf_RRFgsEtGdPF7Rb
58 58 TF3spmwiWJmp5JGa62lV
59 59 Mknuot4c4cmjbrFetDw1
60 60 ctdGr8_oMD7ru32KpzPf
61 61 f5Au1FjOHVzeL8onEWkA
62 62 uTUhiATakgim9zHqEFCX
63 63 appl9wVOM4lqSLbFJaCs
64 64 Yi84Oxd4XqQP9zG_nAhU
65 65 nfWfcvLW7J66Jr_zN3BU
66 66 mTZmDmgIaNqtbrYLfep8
67 67 DwWtPcXXI6Ju4eTySxog
68 68 Rvoo6WAlkYMuxpa9MQxr
69 69 BbfPNjGJfR5v6B0C6Qig
70 70 _pHFVB8fRTCZ32SYBSbD
71 71 S_92ZDPbdFzuE9f_MdwB
72 72 YPRE6YaT8WKXLy1oYZwh
73 73 XtKxbwy7eNIUudb6jpSh
74 74 z1QcvrhNsmfdO8MHn422
75 75 Zob2SBp6BYRfErdEGlXr
76 76 jnR1PbJmTiV0tRACjkSj
77 77 BMMIoB1WXwsfDmB9950W
78 78 eM1ZybVSKmtCQl1XzHzS
79 79 mKU3AEux30B3DlY93rVM
80 80 xziKdJqw6pN8lXXVZzvh
81 81 yQXapKiHPSQi26VdsELQ
82 82 OsC1nzvBNREZ4SXs5qDZ
83 83 7mX0LMn1F1aYI0xeBEAm
84 84 HobzEF5Ujmnf26jg7hqB
85 85 CcAhCyRbZ1e1ufWm8ghE
86 86 kGYP6jTzx7lh8tgQPdsM
87 87 LMt5fHowH1RC1OEgiQW5
88 88 UIGaYSbtPKEsD2zgLV19
89 89 5henycn86mijdOjeD_4D
90 90 frC1USHsLRtqcu421twJ
91 91 zMBLF8mfkby0lrabRInl
92 92 DS0jHIn1Z_OpEuQvLvlo
93 93 RnuxFMGRoxbDqgDmjEzs
94 94 PpRG48XNkx8MVbS1t_Pi
95 95 FGGN1LZYzCK4hN5p8WDU
96 96 lYKCrwmXxhllFSO_2w91
97 97 JXHaCkeM5Y1oi3w7gwFv
98 98 zwJ09QmEdxx1cCoraYJn
99 99 8UbUHh36pK_LvYl61QZu
100 100 niNDzDzi9lIfTMZgB_NJ
101 101 mHV0VHnrKc3W3LyK9EGQ
102 102 mk5_VRsEalUp2Crmkbhj
103 103 r_E2vPulNFW9NJ_Skp9p
104 104 R8FRWhxuLPWIqNCjI53C
105 105 kQjd1GNaJEteRsY2OyZG
106 106 f99s6PE15vvnR3dzmp_7
107 107 waTlEo01m98vY4_aZBxY
108 108 SLoRjKmtgDicooxzzAXx
109 109 YTVugSDGsfCpQnZb7x4w
110 110 ah3tZx5ne2lW1v79tTWb
111 111 spwNja7fay0cMwQn0Gic
112 112 1fqKl8MxcvKb2h1tT3Is
113 113 HhsdHu85s0fk6bmgdZhr
114 114 GgpQHlmofzG0snvTPNGs
115 115 8VYK866ezu9HpTsE1hzL
116 116 GiuLnJUNd97VieAD6_d_
117 117 xw1tRpTQY3Dx2FBKGAjM
118 118 MdUOvKNz1kywo08jRNBU
119 119 8GqUwpIPREGSgvufa5Vk
120 120 KpNkiPXGQ52mPinXjily
