task 1
task 2
task 3
task 4
task 5
1
2
3
4
5
1 1 análise de requisitos
2 2 desenho
3 3 realização
4 4 teste
5 5 instalação
